// Vitest Snapshot v1, https://vitest.dev/guide/snapshot.html

exports[`TaskForm Component > calls \`addTask\` when submitting a new task 1`] = `
<div>
  <div
    class="fixed inset-0 bg-black bg-opacity-60 flex items-center justify-center z-50"
  >
    <div
      class="w-full max-w-lg p-6 bg-white rounded-xl shadow-lg transform transition-all duration-300 sm:max-w-xl"
    >
      <h2
        class="text-xl font-semibold mb-6 text-center text-gray-800"
      >
        Add New Task
      </h2>
      <form
        class="space-y-5"
      >
        <div>
          <label
            class="block text-sm font-medium text-gray-600 text-left"
            for="title"
          >
            Title
          </label>
          <input
            class="w-full px-4 py-2 mt-1 bg-gray-100 rounded-md shadow-inner border border-gray-300 focus:outline-none focus:ring-2 focus:ring-indigo-400 focus:border-transparent transition duration-150"
            id="title"
            name="title"
            placeholder="Enter task title"
            required=""
            type="text"
            value="New Task"
          />
        </div>
        <div>
          <label
            class="block text-sm font-medium text-gray-600 text-left"
          >
            Description
          </label>
          <textarea
            class="w-full px-4 py-2 mt-1 bg-gray-100 rounded-md shadow-inner border border-gray-300 focus:outline-none focus:ring-2 focus:ring-indigo-400 focus:border-transparent transition duration-150"
            name="description"
            placeholder="Enter task description"
            rows="3"
          >
            Task Description
          </textarea>
        </div>
        <div>
          <label
            class="block text-sm font-medium text-gray-600 text-left"
          >
            Priority
          </label>
          <select
            class="w-full px-4 py-2 mt-1 bg-gray-100 rounded-md shadow-inner border border-gray-300 focus:outline-none focus:ring-2 focus:ring-indigo-400 focus:border-transparent transition duration-150"
            name="priority"
          >
            <option
              value="Low"
            >
              Low
            </option>
            <option
              value="Medium"
            >
              Medium
            </option>
            <option
              value="High"
            >
              High
            </option>
          </select>
        </div>
        <div>
          <label
            class="block text-sm font-medium text-gray-600 text-left"
            for="dueDate"
          >
            Due Date
          </label>
          <input
            class="w-full px-4 py-2 mt-1 bg-gray-100 rounded-md shadow-inner border border-gray-300 focus:outline-none focus:ring-2 focus:ring-indigo-400 focus:border-transparent transition duration-150"
            id="dueDate"
            name="dueDate"
            required=""
            type="date"
            value=""
          />
        </div>
        <div
          class="flex justify-end gap-3"
        >
          <button
            aria-label="Cancel"
            class="px-6 py-2 bg-white text-gray-700 rounded-md shadow-sm hover:bg-gray-100 border border-gray-300 transition duration-150 focus:outline-none focus:ring-2 focus:ring-offset-2 focus:ring-gray-400 transform hover:-translate-y-0.5"
            type="button"
          >
            <div
              class="absolute inset-0 bg-white/20 rounded-xl opacity-0 group-hover:opacity-100 transition-opacity duration-200"
            />
            <div
              class="flex items-center space-x-2"
            >
              <span
                class="font-medium"
              >
                Cancel
              </span>
            </div>
          </button>
          <button
            aria-label="Add Task"
            class="px-4 py-2 bg-gradient-to-r from-blue-600 to-purple-600 text-white rounded-md shadow-md hover:shadow-lg hover:shadow-purple-400/50 transition duration-150 transform hover:-translate-y-0.5 focus:outline-none focus:ring-2 focus:ring-offset-2 focus:ring-purple-500"
            type="submit"
          >
            <div
              class="absolute inset-0 bg-white/20 rounded-xl opacity-0 group-hover:opacity-100 transition-opacity duration-200"
            />
            <div
              class="flex items-center space-x-2"
            >
              <span
                class="font-medium"
              >
                Add Task
              </span>
            </div>
          </button>
        </div>
      </form>
    </div>
  </div>
</div>
`;
